\BOOKMARK [1][-]{section.1}{\376\377\226\373\170\301\154\027\133\146\060\156\200\003\060\110\145\271}{}% 1
\BOOKMARK [2][-]{subsection.1.1}{\376\377\130\064\060\150\060\157\117\125\060\113}{section.1}% 2
\BOOKMARK [2][-]{subsection.1.2}{\376\377\226\373\170\301\130\064\060\156\133\232\177\251}{section.1}% 3
\BOOKMARK [1][-]{section.2}{\376\377\226\373\170\301\154\027\133\146\060\156\127\372\147\054\123\237\164\006}{}% 4
\BOOKMARK [2][-]{subsection.2.1}{\376\377\060\336\060\257\060\271\060\246\060\247\060\353\145\271\172\013\137\017}{section.2}% 5
\BOOKMARK [2][-]{subsection.2.2}{\376\377\226\373\130\064\060\153\225\242\060\131\060\213\060\254\060\246\060\271\060\156\154\325\122\107}{section.2}% 6
\BOOKMARK [2][-]{subsection.2.3}{\376\377\060\325\060\241\060\351\060\307\060\374\060\156\226\373\170\301\212\230\134\016\060\156\154\325\122\107}{section.2}% 7
\BOOKMARK [2][-]{subsection.2.4}{\376\377\170\301\130\064\060\153\225\242\060\131\060\213\060\254\060\246\060\271\060\156\154\325\122\107}{section.2}% 8
\BOOKMARK [2][-]{subsection.2.5}{\376\377\060\336\060\257\060\271\060\246\060\247\060\353\060\373\060\242\060\363\060\332\060\374\060\353\060\156\154\325\122\107}{section.2}% 9
\BOOKMARK [1][-]{section.3}{\376\377\227\131\226\373\130\064}{}% 10
\BOOKMARK [2][-]{subsection.3.1}{\376\377\060\257\060\374\060\355\060\363\060\156\154\325\122\107}{section.3}% 11
\BOOKMARK [2][-]{subsection.3.2}{\376\377\226\373\117\115}{section.3}% 12
\BOOKMARK [1][-]{section.4}{\376\377\134\016\117\123\060\150\212\230\226\373\117\123}{}% 13
\BOOKMARK [2][-]{subsection.4.1}{\376\377\134\016\117\123}{section.4}% 14
\BOOKMARK [2][-]{subsection.4.2}{\376\377\060\263\060\363\060\307\060\363\060\265\060\374}{section.4}% 15
\BOOKMARK [2][-]{subsection.4.3}{\376\377\136\163\210\114\147\177\060\263\060\363\060\307\060\363\060\265\060\374}{section.4}% 16
\BOOKMARK [2][-]{subsection.4.4}{\376\377\212\230\226\373\117\123}{section.4}% 17
\BOOKMARK [1][-]{section.5}{\376\377\133\232\136\070\226\373\155\101}{}% 18
\BOOKMARK [2][-]{subsection.5.1}{\376\377\226\373\154\027\221\317\117\335\133\130\060\156\154\325\122\107}{section.5}% 19
\BOOKMARK [2][-]{subsection.5.2}{\376\377\060\252\060\374\060\340\060\156\154\325\122\107}{section.5}% 20
\BOOKMARK [2][-]{subsection.5.3}{\376\377\166\364\155\101\126\336\215\357}{section.5}% 21
\BOOKMARK [1][-]{section.6}{\376\377\227\131\170\301\130\064}{}% 22
\BOOKMARK [2][-]{subsection.6.1}{\376\377\060\242\060\363\060\332\060\374\060\353\060\156\154\325\122\107}{section.6}% 23
\BOOKMARK [2][-]{subsection.6.2}{\376\377\060\323\060\252\060\373\060\265\060\364\060\241\060\374\060\353\060\156\154\325\122\107}{section.6}% 24
\BOOKMARK [2][-]{subsection.6.3}{\376\377\166\364\175\332\226\373\155\101\060\156\124\150\126\362\060\156\170\301\130\064}{section.6}% 25
\BOOKMARK [2][-]{subsection.6.4}{\376\377\121\206\137\142\226\373\155\101\060\156\116\055\137\303\060\156\170\301\130\064}{section.6}% 26
\BOOKMARK [2][-]{subsection.6.5}{\376\377\060\275\060\354\060\316\060\244\060\311\060\156\121\205\220\350\060\156\170\301\130\064}{section.6}% 27
\BOOKMARK [2][-]{subsection.6.6}{\376\377\226\373\155\101\060\114\170\301\130\064\060\113\060\211\123\327\060\121\060\213\122\233}{section.6}% 28
\BOOKMARK [1][-]{section.7}{\376\377\226\373\170\301\212\230\134\016}{}% 29
\BOOKMARK [2][-]{subsection.7.1}{\376\377\201\352\135\361\212\230\134\016}{section.7}% 30
\BOOKMARK [2][-]{subsection.7.2}{\376\377\166\370\116\222\212\230\134\016}{section.7}% 31
\BOOKMARK [1][-]{section.8}{\376\377\116\244\155\101\164\006\212\326}{}% 32
\BOOKMARK [1][-]{section.9}{\376\377\226\373\170\301\154\342}{}% 33
